0 verbose cli /usr/bin/node /usr/bin/npm
1 info using npm@10.8.2
2 info using node@v20.20.2
3 silly config load:file:/usr/lib/node_modules/npm/npmrc
4 silly config load:file:/home/admin/.npmrc
5 silly config load:file:/usr/etc/npmrc
6 verbose title npm install pnpm
7 verbose argv "install" "--global" "pnpm"
8 verbose logfile logs-max:10 dir:/home/admin/.npm/_logs/2026-04-10T01_47_52_336Z-
9 verbose logfile /home/admin/.npm/_logs/2026-04-10T01_47_52_336Z-debug-0.log
10 silly packumentCache heap:1491075072 maxSize:372768768 maxEntrySize:186384384
11 silly logfile done cleaning log files
12 silly idealTree buildDeps
13 silly fetch manifest pnpm@*
14 silly packumentCache full:https://registry.npmjs.org/pnpm cache-miss
15 http fetch GET 200 https://registry.npmjs.org/npm 496ms
16 http fetch GET 200 https://registry.npmjs.org/pnpm 907ms (cache miss)
17 silly packumentCache full:https://registry.npmjs.org/pnpm set size:undefined disposed:false
18 silly placeDep ROOT pnpm@10.33.0 OK for:  want: *
19 silly reify moves {}
20 verbose stack Error: EACCES: permission denied, mkdir '/usr/lib/node_modules/pnpm'
20 verbose stack     at async mkdir (node:internal/fs/promises:856:10)
20 verbose stack     at async /usr/lib/node_modules/npm/node_modules/@npmcli/arborist/lib/arborist/reify.js:624:20
20 verbose stack     at async Promise.allSettled (index 0)
20 verbose stack     at async [reifyPackages] (/usr/lib/node_modules/npm/node_modules/@npmcli/arborist/lib/arborist/reify.js:325:11)
20 verbose stack     at async Arborist.reify (/usr/lib/node_modules/npm/node_modules/@npmcli/arborist/lib/arborist/reify.js:142:5)
20 verbose stack     at async Install.exec (/usr/lib/node_modules/npm/lib/commands/install.js:150:5)
20 verbose stack     at async Npm.exec (/usr/lib/node_modules/npm/lib/npm.js:207:9)
20 verbose stack     at async module.exports (/usr/lib/node_modules/npm/lib/cli/entry.js:74:5)
21 error code EACCES
22 error syscall mkdir
23 error path /usr/lib/node_modules/pnpm
24 error errno -13
25 error Error: EACCES: permission denied, mkdir '/usr/lib/node_modules/pnpm'
25 error     at async mkdir (node:internal/fs/promises:856:10)
25 error     at async /usr/lib/node_modules/npm/node_modules/@npmcli/arborist/lib/arborist/reify.js:624:20
25 error     at async Promise.allSettled (index 0)
25 error     at async [reifyPackages] (/usr/lib/node_modules/npm/node_modules/@npmcli/arborist/lib/arborist/reify.js:325:11)
25 error     at async Arborist.reify (/usr/lib/node_modules/npm/node_modules/@npmcli/arborist/lib/arborist/reify.js:142:5)
25 error     at async Install.exec (/usr/lib/node_modules/npm/lib/commands/install.js:150:5)
25 error     at async Npm.exec (/usr/lib/node_modules/npm/lib/npm.js:207:9)
25 error     at async module.exports (/usr/lib/node_modules/npm/lib/cli/entry.js:74:5) {
25 error   errno: -13,
25 error   code: 'EACCES',
25 error   syscall: 'mkdir',
25 error   path: '/usr/lib/node_modules/pnpm'
25 error }
26 error
26 error The operation was rejected by your operating system.
26 error It is likely you do not have the permissions to access this file as the current user
26 error
26 error If you believe this might be a permissions issue, please double-check the
26 error permissions of the file and its containing directories, or try running
26 error the command again as root/Administrator.
27 silly unfinished npm timer reify 1775785673558
28 silly unfinished npm timer reify:createSparse 1775785674913
29 verbose cwd /home/admin
30 verbose os Linux 6.6.99-09128-g14e87a8a9b71
31 verbose node v20.20.2
32 verbose npm  v10.8.2
33 notice
33 notice New [31mmajor[39m version of npm available! [31m10.8.2[39m -> [34m11.12.1[39m
33 notice Changelog: [34mhttps://github.com/npm/cli/releases/tag/v11.12.1[39m
33 notice To update run: [4mnpm install -g npm@11.12.1[24m
33 notice  { force: true, [Symbol(proc-log.meta)]: true }
34 verbose exit -13
35 verbose code -13
36 error A complete log of this run can be found in: /home/admin/.npm/_logs/2026-04-10T01_47_52_336Z-debug-0.log
